Drill report for MHF-001.kicad_pcb
Created on 2025-07-14T04:58:46+0200

Copper Layer Stackup:
    =============================================================
    L1 :  F.Cu                      front
    L2 :  B.Cu                      back


Drill file 'MHF-001-PTH.drl' contains
    plated through holes:
    =============================================================
    T1  0.305mm  0.0120"  (188 holes)
    T2  0.500mm  0.0197"  (2 holes)  (with 2 slots)
    T3  0.750mm  0.0295"  (3 holes)
    T4  0.800mm  0.0315"  (124 holes)
    T5  0.900mm  0.0354"  (6 holes)
    T6  1.000mm  0.0394"  (271 holes)  (with 4 slots)
    T7  1.100mm  0.0433"  (100 holes)
    T8  1.300mm  0.0512"  (1 hole)  (with 1 slot)
    T9  2.200mm  0.0866"  (3 holes)
    T10  3.200mm  0.1260"  (6 holes)

    Total plated holes count 704


Drill file 'MHF-001-NPTH.drl' contains
    unplated through holes:
    =============================================================
    T1  0.600mm  0.0236"  (2 holes)

    Total unplated holes count 2
